226.79606628
235.31921387
219.17929077
216.75386047
210.01785278
203.72079468
198.40823364
190.92230225
195.92117310
199.06428528
