406.14587402
279.24975586
201.01249695
139.34625244
78.13222504
