-94.390747
-187.140671
-85.050323
-211.180054
-645.849121
-136.817657
-366.460815
-57.487789
-72.613792
-102.306747
