-114.125137
-206.581238
-101.570534
-242.844177
-673.484863
-153.583893
-409.248169
-57.871357
-89.267410
-110.574005
