[valid] Ep. 1 : Up. 20 : cross-entropy : 294.63 : new best
[valid] Ep. 1 : Up. 40 : cross-entropy : 292.643 : new best
[valid] Ep. 1 : Up. 60 : cross-entropy : 290.224 : new best
[valid] Ep. 1 : Up. 80 : cross-entropy : 286.857 : new best
[valid] Ep. 1 : Up. 100 : cross-entropy : 282.156 : new best
[valid] Ep. 1 : Up. 120 : cross-entropy : 274.584 : new best
[valid] Ep. 1 : Up. 120 : ce-mean-words : 9.41969 : new best
[valid] Ep. 1 : Up. 140 : cross-entropy : 264.996 : new best
[valid] Ep. 1 : Up. 140 : ce-mean-words : 9.09079 : new best
[valid] Ep. 1 : Up. 160 : cross-entropy : 258.914 : new best
[valid] Ep. 1 : Up. 160 : ce-mean-words : 8.88213 : new best
[valid] Ep. 1 : Up. 180 : cross-entropy : 255.943 : new best
[valid] Ep. 1 : Up. 180 : ce-mean-words : 8.78019 : new best
[valid] Ep. 1 : Up. 200 : cross-entropy : 253.146 : new best
[valid] Ep. 1 : Up. 200 : ce-mean-words : 8.68424 : new best
