[valid] Ep. 1 : Up. 10 : cross-entropy : 249.884 : new best
[valid] Ep. 1 : Up. 10 : translation : 5 : new best
[valid] Ep. 1 : Up. 20 : cross-entropy : 249.337 : new best
[valid] Ep. 1 : Up. 20 : translation : 4 : stalled 1 times (last best: 5)
[valid] Ep. 1 : Up. 30 : cross-entropy : 248.804 : new best
[valid] Ep. 1 : Up. 30 : translation : 3 : stalled 2 times (last best: 5)
[valid] Ep. 1 : Up. 40 : cross-entropy : 248.218 : new best
[valid] Ep. 1 : Up. 40 : translation : 6 : new best
[valid] Ep. 1 : Up. 50 : cross-entropy : 247.56 : new best
[valid] Ep. 1 : Up. 50 : translation : 9 : new best
[valid] Ep. 1 : Up. 60 : cross-entropy : 246.856 : new best
[valid] Ep. 1 : Up. 60 : translation : 6 : stalled 1 times (last best: 9)
[valid] Ep. 1 : Up. 70 : cross-entropy : 246.112 : new best
[valid] Ep. 1 : Up. 70 : translation : 8 : stalled 2 times (last best: 9)
[valid] Ep. 1 : Up. 80 : cross-entropy : 245.247 : new best
[valid] Ep. 1 : Up. 80 : translation : 8 : stalled 3 times (last best: 9)
[valid] Ep. 1 : Up. 90 : cross-entropy : 244.336 : new best
[valid] Ep. 1 : Up. 90 : translation : 8 : stalled 4 times (last best: 9)
[valid] Ep. 1 : Up. 100 : cross-entropy : 243.37 : new best
[valid] Ep. 1 : Up. 100 : translation : 8 : stalled 5 times (last best: 9)
