[valid] Ep. 1 : Up. 40 : cross-entropy : 234.305 : new best
[valid] Ep. 1 : Up. 80 : cross-entropy : 227.512 : new best
[valid] Ep. 2 : Up. 81 : cross-entropy : 227.471 : new best
