[valid] Ep. 1 : Up. 60 : cross-entropy : 198.667 : new best
[valid] Ep. 1 : Up. 120 : cross-entropy : 186.536 : new best
[valid] Ep. 1 : Up. 180 : cross-entropy : 179.091 : new best
