226.89152527
249.98703003
242.43225098
245.21345520
239.08744812
234.52084351
230.54391479
224.25790405
228.97502136
230.70504761
