150.17977905
263.68469238
100.50036621
253.64115906
274.95046997
145.69451904
207.82330322
245.20465088
