4833.17675781
4724.25634766
4562.26855469
4509.33154297
4332.39013672
4184.27783203
4086.94750977
3897.33496094
