382.69680786
265.52267456
196.04469299
138.10417175
75.06012726
