388.15350342
278.90570068
197.63183594
137.78120422
76.32478333
