10.57614899
10.42622185
10.29610538
10.21077633
10.19735432
10.08711052
10.02677727
9.95798206
9.96733570
9.88771152
9.86617661
9.85768986
9.82780361
9.83935165
9.76221466
9.74660397
9.71316624
9.68596077
9.64169884
9.64194584
9.63357449
9.60625553
9.61707783
9.54672050
9.50734901
9.51041698
9.46823120
9.42105770
9.43571186
9.41235352
9.41745853
9.40398884
9.33471107
9.30905056
9.30204201
9.24854946
9.23444176
9.22029591
9.22781849
9.22472954
9.20387077
9.14059830
9.11035728
9.11907005
