11.04951191
10.68020153
10.54591465
10.48460102
10.40533352
10.38826847
10.27533150
10.21229267
10.19135952
10.08994102
10.01051331
9.97128105
9.95058727
9.93437099
9.94428539
9.83870697
9.83070374
9.81238365
9.75304127
9.67127991
9.65575886
9.66312313
9.66796112
9.63431263
9.56104946
9.57750225
9.53895378
9.45394707
9.41851521
9.39714527
9.39997673
9.40844250
9.36143589
9.29904747
9.33303452
9.25019360
9.18587208
9.15645790
9.13850403
9.13868427
9.14638233
9.09624672
9.03522873
9.06501865
