10.77032471
10.66634846
10.57369232
10.49110889
10.42863846
10.37640285
10.31346226
10.26187325
10.20974541
10.14718914
10.10516739
10.08621216
10.04499340
10.03392220
10.01447582
9.95392036
9.91196060
9.86151695
9.79879570
9.77040195
9.74897766
9.72190189
9.72009087
9.66733265
9.62868977
9.60218239
9.51061630
9.43571186
9.44846630
9.42066574
9.38913155
9.40541935
9.32790852
9.28542328
9.26995373
9.15800571
9.10080147
9.11642838
9.08799362
9.07044029
9.08870029
9.00327969
8.95821762
8.93725300
