214.03384399
234.90438843
227.33822632
229.79216003
223.72485352
220.85546875
216.96545410
210.97512817
217.42474365
217.29472351
222.89697266
225.04882812
221.97128296
221.55412292
210.07235718
214.99653625
210.14802551
202.47036743
229.11576843
213.29634094
223.94625854
213.39431763
222.35632324
208.29580688
203.60266113
210.88558960
194.14140320
232.09394836
209.24897766
215.81555176
205.87390137
216.11462402
209.60700989
198.33728027
212.82144165
186.60208130
228.83305359
203.70266724
216.54733276
201.15771484
213.18595886
202.07525635
195.43476868
209.35302734
