Ep. 1 : Up. 4 : Sen. 256 : Cost 238.82701111
Ep. 1 : Up. 8 : Sen. 512 : Cost 245.15895081
Ep. 1 : Up. 12 : Sen. 768 : Cost 227.24861145
Ep. 1 : Up. 16 : Sen. 1,024 : Cost 246.25918579
Ep. 1 : Up. 20 : Sen. 1,280 : Cost 243.25015259
Ep. 1 : Up. 24 : Sen. 1,536 : Cost 230.48197937
Ep. 1 : Up. 28 : Sen. 1,792 : Cost 219.80914307
Ep. 1 : Up. 32 : Sen. 128 : Cost 236.07504272
Ep. 1 : Up. 36 : Sen. 384 : Cost 225.42373657
Ep. 1 : Up. 40 : Sen. 640 : Cost 218.38552856
Ep. 1 : Up. 44 : Sen. 896 : Cost 217.53744507
Ep. 2 : Up. 48 : Sen. 128 : Cost 201.09486389
Ep. 2 : Up. 52 : Sen. 384 : Cost 215.17204285
Ep. 2 : Up. 56 : Sen. 640 : Cost 211.10237122
Ep. 2 : Up. 60 : Sen. 896 : Cost 200.33345032
