488.88616943
461.44476318
437.74578857
419.76626587
403.67724609
