490.18170166
466.03765869
442.34454346
426.33612061
411.51934814
