230.86734009
176.34066772
178.55038452
161.01515198
