6904.40136719
5177.73974609
4077.06103516
3035.06811523
2036.97106934
5234.54150391
5421.84570312
4205.61328125
3152.19384766
2185.01635742
