846.28295898
683.08270264
546.49383545
436.32812500
349.99142456
268.15167236
178.71995544
478.48889160
563.18597412
471.57501221
402.95126343
333.62921143
264.42492676
190.03326416
