491.56161499
351.35723877
267.88531494
194.60379028
127.38488770
371.88699341
366.62310791
272.43316650
197.15826416
132.87835693
