Ep. 1 : Up. 5 : Sen. 320 : Cost 848.23455811
Ep. 1 : Up. 10 : Sen. 640 : Cost 672.56451416
Ep. 1 : Up. 15 : Sen. 960 : Cost 525.11682129
Ep. 1 : Up. 20 : Sen. 1,280 : Cost 418.14608765
Ep. 1 : Up. 25 : Sen. 1,600 : Cost 345.36917114
Ep. 1 : Up. 30 : Sen. 1,920 : Cost 280.52749634
Ep. 1 : Up. 35 : Sen. 2,240 : Cost 227.94680786
Ep. 1 : Up. 40 : Sen. 2,560 : Cost 167.04818726
Ep. 2 : Up. 45 : Sen. 64 : Cost 262.95532227
Ep. 2 : Up. 50 : Sen. 384 : Cost 660.01922607
Ep. 2 : Up. 55 : Sen. 704 : Cost 521.61163330
Ep. 2 : Up. 60 : Sen. 1,024 : Cost 435.67529297
Ep. 2 : Up. 65 : Sen. 1,344 : Cost 364.16458130
Ep. 2 : Up. 70 : Sen. 1,664 : Cost 305.08660889
Ep. 2 : Up. 75 : Sen. 1,984 : Cost 250.36157227
Ep. 2 : Up. 80 : Sen. 2,304 : Cost 204.07473755
Ep. 2 : Up. 85 : Sen. 2,624 : Cost 142.30810547
