8.78632832
8.75309849
8.69854641
8.60049725
8.41462326
8.04460907
7.52984953
7.11023378
7.05034065
7.12709856
6.98178005
6.85693312
6.69474936
6.58481455
6.51727343
6.49125957
6.21844482
6.46901369
6.53361320
6.46509838
6.43254900
6.35190487
6.26485729
6.21732950
6.21957254
5.91266489
6.35146904
6.36572838
6.33053923
6.28441715
6.20286036
6.15570545
6.08000135
6.03157282
5.67149544
6.35678244
6.31723213
6.26349401
6.21279621
6.12982273
6.08621264
5.94192123
5.94551659
5.48049164
