225.10929871
243.58345032
229.45071411
224.28813171
212.65242004
204.06596375
197.81690979
190.08915710
193.72299194
195.20808411
