225.66580200
208.27442932
221.54891968
204.83132935
219.20014954
194.64096069
220.58721924
203.36322021
216.46800232
199.75990295
