267.55108643
238.90954590
203.89498901
194.40493774
201.26391602
196.71656799
205.61053467
190.75955200
190.06002808
175.82437134
171.81805420
183.65437317
183.88174438
195.11131287
181.43255615
182.07211304
168.76817322
167.46075439
175.70928955
179.71203613
187.29899597
175.05770874
175.59832764
165.63943481
163.86834717
