274.36938477
274.21545410
265.08605957
257.78823853
233.71450806
