199.88481140
198.79373169
194.57501221
183.03530884
165.68594360
189.14419556
177.06405640
172.28703308
193.72500610
192.91064453
