267.55108643
238.90954590
203.89497375
194.40493774
201.26391602
196.71656799
205.61053467
