261.66619873
242.05940247
243.13801575
238.52865601
317.93377686
355.64865112
