250.19946289
249.29103088
247.88410950
250.90098572
222.61479187
