Indien|s0 und|s0 Japan|s0 stehen|s0 vor|s0 Ort|s0 .|s0
der|s0 neue|s0 Premierminister|s0 Indi|s1 ens|s0 tagt|s0 seinem|s0 japanischen|s0 Land|s0 ,|s0 der|s0 sich|s0 in|s0 seinem|s0 ersten|s0 großen|s0 Auslands|s1 besu|s1 ch|s0 seit|s0 der|s0 Wahl|s0 der|s0 Wahlen|s0 im|s0 Mai|s0 befindet|s0 .|s0
Herr|s0 Minister|s0 befindet|s0 sich|s0 an|s0 einem|s0 Tag|s0 wie|s0 Japan|s0 ,|s0 um|s0 die|s0 wirtschaftlichen|s0 Beziehungen|s0 mit|s0 der|s0 d|s1 ritt|s1 größten|s0 Volks|s0 der|s0 Welt|s0 zu|s0 stärken|s0 .|s0
auf|s0 der|s0 Tagesordnung|s0 stehen|s0 hohe|s0 Pläne|s0 für|s0 mehr|s0 Atom|s0 .|s0
auch|s0 Indien|s0 hofft|s0 auf|s0 eine|s0 Vereinbarung|s0 zur|s0 Verteidigung|s0 der|s0 Beziehungen|s0 zwischen|s0 den|s0 beiden|s0 Nationen|s0 .|s0
die|s1 jenige|s0 von|s0 Kar|s1 ra|s1 po|s0 @-@|s0 Polizei|s1 dienst|s0 nach|s0 hoher|s0 Geschwindigkeit|s0
es|s0 wurde|s0 ein|s0 Werk|s0 besch|s1 lag|s1 nahm|s1 t|s0 ,|s0 nachdem|s0 es|s0 in|s0 12|s0 km|s0 und|s0 in|s0 einem|s0 Land|s1 gebiet|s0 von|s0 70|s0 km|s0 in|s0 der|s0 Lage|s0 war|s0 ,|s0 die|s0 Polizei|s0 im|s0 Pfeiler|s0 zu|s0 ent|s1 gehen|s0 .|s0
in|s0 Kar|s1 ra|s1 si|s0 wurde|s0 heute|s0 morgen|s0 in|s0 Kar|s1 ra|s1 si|s0 die|s0 Verkehrs|s1 poli|s1 zei|s0 ein|s0 blau|s1 es|s1 isches|s0 Spiel|s0 gesetzt|s0 ,|s0 in|s0 dem|s0 sie|s0 sich|s0 auf|s0 12|s1 a|s0 ge|s0 ,|s0 so|s0 wie|s0 er|s0 es|s0 aus|s0 einem|s0 Dien|s1 stre|s1 isen|s0 hatte|s0 ,|s0 aus|s0 dem|s0 Büro|s0 ver|s1 sammeln|s0 .|s0
die|s0 Polizei|s0 sagt|s0 ,|s0 daß|s0 es|s0 dann|s0 nicht|s0 gelungen|s0 ist|s0 ,|s0 sich|s0 in|s0 Bur|s1 ge|s1 s|s0 vor|s0 umzu|s0 und|s0 in|s0 das|s0 Land|s0 zu|s0 begeben|s0 ,|s0 was|s0 die|s0 O|s1 ffizi|s1 ere|s0 aus|s0 Sicht|s0 hat|s0 .|s0
die|s0 Bezeichnung|s0 &quot;|s0 The|s1 ater|s0 &quot;|s0 war|s0 damals|s0 in|s0 einem|s0 Haus|s0 ,|s0 in|s0 Wal|s0 ,|s0 in|s0 einem|s0 Haus|s0 .|s0
Kar|s1 ra|s1 t|s0 hat|s0 den|s0 Mann|s0 ,|s0 den|s0 man|s0 dem|s0 Auto|s1 fahren|s0 nicht|s0 entziehen|s0 kann|s0 .|s0
er|s0 scheint|s0 in|s0 Kar|s1 ra|s1 li|s0 zu|s0 sein|s0 ,|s0 das|s0 den|s0 Gerichtshof|s0 am|s0 23.|s0 September|s0 nennt|s0 .|s0
der|s0 Name|s0 wurde|s0 drei|s0 Monate|s0 lang|s0 besch|s1 lag|s1 nahm|s1 t|s0 .|s0
George|s0 B|s1 ster|s1 ster|s0 Ange|s1 kla|s1 gten|s0 von|s0 N|s1 air|s1 n|s0 und|s0 Pit|s1 is|s0 er|s0 sieht|s0 vor|s0 .|s0
ein|s0 Mann|s0 soll|s0 vor|s0 Gericht|s0 gestellt|s0 werden|s0 ,|s0 um|s0 Frauen|s0 in|s0 zwei|s0 Teilen|s0 zu|s0 ver|s1 gewal|s1 tigen|s0 .|s0
George|s0 U|s1 ster|s0 ,|s0 28|s0 ,|s0 vor|s0 dem|s0 Hintergrund|s0 einer|s0 Anhörung|s0 vor|s0 dem|s0 Hohen|s0 Gericht|s0 .|s0
er|s0 soll|s0 eine|s0 Frau|s0 auf|s0 dem|s0 schottischen|s0 Werk|s0 in|s0 Pit|s1 t|s0 in|s0 Per|s1 th|s1 shire|s0 im|s0 Rahmen|s0 von|s0 Juni|s0 7|s0 ,|s0 2013|s0 eine|s0 Frau|s0 bilden|s0 .|s0
es|s0 wird|s0 behauptet|s0 ,|s0 sie|s0 sei|s0 ihr|s0 Kontakt|s0 ,|s0 sie|s0 und|s0 unfähig|s0 ,|s0 die|s0 Zustimmung|s0 zu|s0 erteilen|s0 .|s0
die|s1 ster|s1 ster|s0 wird|s0 dann|s0 beauftragt|s0 ,|s0 eine|s0 zweite|s0 Frau|s0 in|s0 der|s1 is|s0 se|s0 in|s0 N|s1 air|s1 n|s0 im|s0 Rahmen|s0 von|s0 Mai|s0 4|s0 ,|s0 2014|s0 in|s0 N|s1 air|s1 n|s0 einzu|s0 .|s0
beurteilen|s0 Sie|s0 die|s0 Ra|s1 e|s0 ,|s0 die|s0 auf|s0 dem|s0 Hohen|s0 Gericht|s0 in|s0 Edinburgh|s0 ein|s0 Test|s1 dat|s1 um|s0 für|s0 November|s0 17|s0 festgelegt|s0 haben|s0 .|s0
wieder|s0 einmal|s0 das|s0 amerikanische|s0 Büro|s0 für|s0 Menschenrechte|s0 ,|s0 Menschenrechte|s0 und|s0 Menschenrechte|s0 .|s0
in|s0 dem|s0 Rahmen|s0 ,|s0 in|s0 dem|s0 das|s0 Recht|s0 besteht|s0 ,|s0 haben|s0 Sie|s0 das|s0 Recht|s0 ,|s0 das|s0 Recht|s0 auf|s0 Schutz|s0 der|s0 Union|s0 als|s0 Zivil|s1 recht|s0 zu|s0 schaffen|s0 .|s0
die|s1 jenige|s0 von|s0 Gewerkschaften|s0 ,|s0 die|s0 Arbeitsplätze|s0 schaffen|s0 ,|s0 sagt|s0 ,|s0 das|s0 heißt|s0 ,|s0 der|s0 P|s1 auk|s1 us|s0 @-@|s0 P|s1 auk|s1 us|s0 @-@|s0 P|s1 auk|s1 us|s0 @-@|s0 Sekretariat|s0 .|s0
aus|s0 diesem|s0 Grund|s0 bin|s0 ich|s0 stolz|s0 ,|s0 daß|s0 John|s0 H|s0 das|s0 Statut|s1 gesetz|s0 eingeführt|s0 wird|s0 .|s0
durch|s0 diesen|s0 Verstoß|s0 gegen|s0 die|s0 Gesetzgebung|s0 werden|s0 den|s0 Arbeitnehmern|s0 die|s0 gleichen|s0 rechtlichen|s0 Möglichkeiten|s0 zur|s0 Vereinheitlichung|s0 der|s0 Union|s0 eingeräumt|s0 wie|s0 für|s0 andere|s0 Formen|s0 der|s0 Diskriminierung|s0 ,|s0 damit|s0 die|s0 gewerk|s1 schaftlichen|s0 Kräfte|s0 in|s0 ihrem|s0 eigenen|s0 Namen|s0 bleiben|s0 .|s0
die|s0 Änderung|s0 des|s0 Nationalen|s0 Aktions|s1 gesetzes|s0 ,|s0 das|s0 die|s0 Diskriminierung|s0 von|s0 Arbeitnehmern|s0 ermöglicht|s0 ,|s0 die|s0 sich|s0 in|s0 den|s0 Zivil|s0 der|s0 Zivil|s0 vor|s0 Gericht|s0 vor|s0 Gericht|s0 bringen|s0 -|s0 und|s0 Schaden|s1 ser|s1 satz|s0 und|s0 Schaden|s0 zu|s0 sammeln|s0 -|s0 ist|s0 eine|s0 solide|s0 und|s0 notwendige|s0 Initiative|s0 .|s0
es|s0 handelt|s0 sich|s0 jedoch|s0 keineswegs|s0 um|s0 eine|s0 radikale|s0 Initiative|s0 -|s0 zumindest|s0 durch|s0 amerikanische|s0 Normen|s0 .|s0
der|s0 beste|s0 Weg|s0 ,|s0 um|s0 zu|s0 verstehen|s0 ,|s0 was|s0 von|s0 gemeinsam|s0 ist|s0 ,|s0 ist|s0 der|s0 beste|s0 Weg|s0 ,|s0 um|s0 zu|s0 verstehen|s0 ,|s0 was|s0 mit|s0 ihren|s0 Rechtsvorschriften|s0 verbunden|s0 ist|s0 ,|s0 besteht|s0 darin|s0 ,|s0 mit|s0 einer|s0 sehr|s0 amerikanischen|s0 Idee|s0 fortzu|s0 .|s0
trotz|s0 der|s0 Batter|s1 ie|s0 ,|s0 die|s0 die|s0 Gewerkschaften|s0 in|s0 den|s0 letzten|s0 Jahren|s0 begangen|s0 haben|s0 -|s0 in|s0 ihrem|s0 Land|s0 ,|s0 in|s0 einem|s0 Land|s0 und|s0 in|s0 den|s0 Staaten|s0 -|s0 haben|s0 die|s0 Amerikaner|s0 einst|s0 Länder|s0 rund|s0 um|s0 die|s0 Welt|s0 ermutigt|s0 ,|s0 erweitert|s0 ,|s0 sie|s0 respektiert|s0 und|s0 respektiert|s0 .|s0
es|s0 gab|s0 eine|s0 Zeit|s0 ,|s0 in|s0 der|s0 Millionen|s0 Amerikaner|s0 gedenken|s0 ,|s0 als|s0 dieses|s0 Land|s0 die|s0 Demokratie|s0 ,|s0 die|s0 Meinungs|s0 der|s0 freien|s0 Meinungsäußerung|s0 ,|s0 die|s0 Pressefreiheit|s0 und|s0 das|s0 Recht|s0 hatte|s0 ,|s0 dasselbe|s0 zu|s0 machen|s0 .|s0
als|s0 die|s0 Vereinigten|s0 Staaten|s0 Japan|s0 nach|s0 dem|s0 Zweiten|s0 Weltkrieg|s0 besetzten|s0 Japan|s0 besetzten|s0 haben|s0 ,|s0 haben|s0 sich|s0 General|s0 @-@|s0 Mac|s0 und|s0 seine|s0 ai|s0 @-@|s0 Anhänger|s0 das|s0 Land|s0 ermutigt|s0 ,|s0 eine|s0 Verfassung|s0 zu|s0 verabschieden|s0 ,|s0 mit|s0 der|s0 sichergestellt|s0 werden|s0 soll|s0 ,|s0 daß|s0 der|s0 milit|s1 ante|s0 Führer|s1 s|s0 To|s0 To|s1 jo|s0 durch|s0 die|s0 Demokratie|s0 ersetzt|s0 wird|s0 .|s0
es|s0 ist|s0 sich|s0 vollkommen|s0 bewußt|s0 ,|s0 daß|s0 die|s0 Arbeitnehmer|s0 und|s0 ihre|s0 Gewerkschaften|s0 bei|s0 der|s0 Gestaltung|s0 des|s0 neuen|s0 Japan|s0 eine|s0 Sprache|s0 spielen|s0 konnten|s0 ,|s0 die|s0 ausdrücklich|s0 anerkannt|s0 hat|s0 ,|s0 daß|s0 das|s0 Recht|s0 der|s0 Arbeitnehmer|s0 auf|s0 ein|s0 solches|s0 Recht|s0 und|s0 ihre|s0 Gesamtheit|s0 gewährleistet|s0 ist|s0 .|s0
als|s0 die|s0 Vereinigten|s0 Staaten|s0 Deutschland|s0 nach|s0 dem|s0 Zweiten|s0 Weltkrieg|s0 besetzten|s0 haben|s0 ,|s0 haben|s0 General|s0 D|s1 wi|s1 m|s0 David|s0 Eisen|s1 ho|s1 m|s0 und|s0 seine|s0 Unterstützung|s0 die|s0 Deutschen|s0 dazu|s0 aufgefordert|s0 ,|s0 eine|s0 Verfassung|s0 zu|s0 schreiben|s0 ,|s0 die|s0 ihr|s0 versichern|s0 könnte|s0 ,|s0 daß|s0 das|s0 Hitler|s0 @-@|s0 Büro|s0 durch|s0 Demokratie|s0 ersetzt|s0 wurde|s0 .|s0
die|s0 Deutschen|s0 sollten|s0 sich|s0 in|s0 der|s0 neuen|s0 Nation|s0 zu|s0 Wort|s0 melden|s0 und|s0 ihre|s0 Stimme|s0 erheben|s0 ,|s0 die|s0 Deutschen|s0 haben|s0 eine|s0 Bestimmung|s0 aufgenommen|s0 ,|s0 die|s0 ausdrücklich|s0 das|s0 Recht|s0 ,|s0 das|s0 Recht|s0 zu|s0 bilden|s0 ,|s0 die|s0 Arbeits-|s0 und|s0 Wirtschafts|s1 verhältnisse|s0 zu|s0 schützen|s0 und|s0 zu|s0 verbessern|s0 ,|s0 für|s0 jeden|s0 einzelnen|s0 und|s0 für|s0 jeden|s0 Beruf|s0 garantiert|s0 .|s0
Abkommen|s0 ,|s0 die|s0 dieses|s0 Recht|s0 einschränken|s0 oder|s0 auf|s0 dieses|s0 Recht|s0 abzielen|s0 ,|s0 sind|s0 es|s1 fre|s1 ist|s0 ,|s0 Maßnahmen|s0 ,|s0 die|s0 darauf|s0 abzielen|s0 ,|s0 werden|s0 un|s1 gesetzlich|s0 .|s0
als|s0 das|s0 frühere|s0 Parlament|s0 den|s0 Vorsitz|s0 der|s0 Internationalen|s0 Menschenrechtskommission|s0 geleitet|s0 hat|s0 ,|s0 die|s0 die|s0 Allgemeine|s0 Erklärung|s0 der|s0 Menschenrechte|s0 vor|s0 Augen|s0 führt|s0 ,|s0 die|s0 von|s0 den|s0 Vereinten|s0 Nationen|s0 als|s0 globaler|s0 Ort|s0 übernommen|s0 werden|s0 würde|s0 ,|s0 garan|s0 die|s0 Menschen|s0 ,|s0 daß|s0 jeder|s0 Mensch|s0 das|s0 Recht|s0 hat|s0 zu|s0 bilden|s0 und|s0 beizutreten|s0 .|s0
nach|s0 den|s0 Generationen|s0 akzep|s0 die|s0 Amerikaner|s0 die|s0 grundlegende|s0 Voraussetzung|s0 ,|s0 daß|s0 Lab|s1 or|s1 rechte|s0 Menschenrechte|s0 sind|s0 .|s0
als|s0 in|s0 diesem|s0 Land|s0 andere|s0 Länder|s0 auf|s0 den|s0 Umgang|s0 mit|s0 Bürger|s0 und|s0 demokratischen|s0 Gesellschaften|s0 verfü|s1 gten|s0 ,|s0 haben|s0 die|s0 Amerikaner|s0 erklärt|s0 ,|s0 das|s0 Recht|s0 auf|s0 eine|s0 Gewerk|s1 schaft|s0 sei|s0 das|s0 Recht|s0 auf|s0 Kolle|s1 ktiv|s1 verhandlungen|s0 als|s0 gleichwer|s1 tiger|s0 Partner|s0 mit|s0 Unternehmen|s0 und|s0 Regierungs|s0 .|s0
mit|s0 diesen|s0 Rechten|s0 in|s0 Amerika|s0 ist|s0 es|s0 nun|s0 rat|s0 ,|s0 in|s0 der|s0 Tat|s0 das|s0 amerikanische|s0 I|s1 deal|s0 zu|s0 verstehen|s0 ,|s0 daß|s0 die|s0 Arbeitnehmer|s0 ein|s0 Recht|s0 darauf|s0 haben|s0 müssen|s0 ,|s0 sich|s0 in|s0 einer|s0 freien|s0 und|s0 offenen|s0 Gesellschaft|s0 Gehör|s0 zu|s0 verschaffen|s0 .|s0
wie|s0 der|s0 Bericht|s0 von|s0 Ende|s0 Martin|s0 sagte|s0 ,|s0 sagte|s0 er|s0 sich|s0 vor|s0 50|s0 Jahren|s0
die|s0 Geschichte|s0 ist|s0 ein|s0 großer|s0 Teil|s0 .|s0
jetzt|s0 weiß|s0 jeder|s0 ,|s0 daß|s0 die|s0 Lab|s1 our|s1 bewegung|s0 nicht|s0 die|s0 Kraft|s0 der|s0 Nation|s0 ,|s0 sondern|s0 die|s0 Erweiterung|s0 war|s0 .|s0
durch|s0 die|s0 Anhebung|s0 der|s0 Lebens|s1 standards|s0 von|s0 Millionen|s0 von|s0 Millionen|s0 wird|s0 versucht|s0 ,|s0 den|s0 Markt|s0 für|s0 die|s0 Industrie|s0 deutlich|s0 zu|s0 gestalten|s0 und|s0 die|s0 gesamte|s0 Nation|s0 wieder|s0 auf|s0 die|s0 Produktions|s1 stufen|s0 zurück|s0 zu|s0 nehmen|s0 .|s0
wer|s0 Lab|s0 an|s1 greift|s0 ,|s0 verliert|s0 diese|s0 einfache|s0 ,|s0 aber|s0 Geschichte|s0 .|s0
die|s0 Geschichte|s0 ist|s0 ,|s0 wie|s0 wir|s0 sollten|s0 .|s0
die|s0 formelle|s0 Anerkennung|s0 der|s0 Lab|s1 or|s1 rechte|s1 rechte|s0 ,|s0 die|s0 Ausweitung|s0 der|s0 Bürgerrechte|s0 gegen|s0 Lab|s0 ,|s0 ist|s0 längst|s0 über|s1 fällig|s0 .|s0
das|s0 gleiche|s0 und|s0 die|s0 John|s0 @-@|s0 Werk|s0 sind|s0 die|s0 Ide|s1 ale|s0 ,|s0 die|s0 mit|s0 einem|s0 historisch|s0 größer|s0 werdenden|s0 Amerika|s0 das|s0 Versprechen|s0 der|s0 Demokratie|s0 erfüllen|s0 .|s0
ein|s1 st|s1 wei|s1 lige|s0 Richter|s0 ,|s0 die|s0 jegliche|s0 Form|s0 von|s0 Abtreibung|s0 schließen|s0 könnten|s0 .|s0
ein|s0 föder|s1 alistischer|s0 Richter|s0 am|s0 Sonntag|s0 ,|s0 in|s0 dem|s0 die|s0 Durchsetzung|s0 eines|s0 Gesetzes|s1 rechts|s0 blockiert|s0 wird|s0 ,|s0 das|s0 befürwortet|s0 wird|s0 ,|s0 hätte|s0 alle|s0 fünf|s0 Abtrei|s1 bungen|s0 in|s0 den|s0 Staat|s0 aufgehoben|s0 .|s0
die|s0 Maßnahme|s0 ,|s0 die|s0 von|s0 dem|s0 im|s0 Juni|s0 im|s0 Namen|s0 des|s0 Schwei|s1 gens|s0 und|s0 Er|s0 der|s0 Durchführung|s0 des|s0 Ost|s1 s|s1 ans|s0 ins|s0 Auge|s0 ge|s1 faßten|s1 teten|s0 Personen|s0 unterzeichnet|s0 wurde|s0 ,|s0 würde|s0 Ärzte|s0 verlangen|s0 ,|s0 die|s0 in|s0 einem|s0 Krankenh|s1 aus|s0 innerhalb|s0 von|s0 30|s0 Mei|s1 len|s0 ihrer|s0 Praxis|s0 ein|s0 Krankenh|s1 aus|s0 für|s0 Patienten|s0 genießen|s0 .|s0
das|s0 Urteil|s0 des|s0 Rich|s1 ters|s0 bedeutet|s0 jedoch|s0 ,|s0 daß|s0 Ärzte|s0 vorläufig|s0 weiterhin|s0 rechtmäßig|s0 sein|s0 können|s0 ,|s0 wenn|s0 sie|s0 solche|s0 Privilegi|s1 en|s0 suchen|s0 .|s0
es|s0 wird|s0 erlaubt|s0 sein|s0 ,|s0 daß|s0 Pla|s0 Pla|s1 k|s1 ari|s1 ktionen|s0 in|s0 ihrem|s0 Bemühen|s0 ,|s0 Privilegi|s0 zu|s0 erhalten|s0 ,|s0 während|s0 es|s0 sich|s0 die|s0 Bundes|s0 von|s0 John|s0 de|s1 ass|s0 Verfass|s0 in|s0 der|s0 Entscheidung|s0 sch|s1 rie|s1 b|s0 .|s0
in|s0 einem|s0 Monat|s0 wird|s0 eine|s0 Anhörung|s0 für|s0 den|s0 Richter|s0 geplant|s0 sein|s0 ,|s0 um|s0 ein|s0 dauer|s1 haftes|s1 res|s0 Urteil|s0 über|s0 das|s0 Gesetz|s0 zu|s0 treffen|s0 .|s0
die|s1 jenige|s1 z|s0 von|s0 Schwangerschafts|s1 ab|s1 brü|s1 chen|s0 ,|s0 die|s1 jenige|s0 ,|s0 die|s0 den|s0 Beschluß|s0 leiten|s0 ,|s0 den|s0 letzten|s0 in|s0 einem|s0 Akt|s0 von|s0 Ur|s1 teilen|s0 gegen|s0 ähnliche|s0 Maßnahmen|s0 ,|s0 er|s0 sagte|s0 ,|s0 Ärzte|s0 mehr|s0 Zeit|s0 zu|s0 geben|s0 ,|s0 Krankenh|s0 aus|s0 Kranken|s1 häusern|s0 zu|s0 suchen|s0 .|s0
das|s0 Urteil|s0 des|s0 Ausschusses|s0 gewährleistet|s0 ,|s0 daß|s0 die|s0 Frauen|s0 sicher|s0 von|s0 einem|s0 über|s1 geordneten|s1 ktiven|s0 Recht|s0 sind|s0 ,|s0 das|s0 versucht|s0 ,|s0 sie|s0 ihrer|s0 Gesundheit|s0 und|s0 ihrer|s0 Rechte|s0 zu|s0 unterwerfen|s0 .|s0
es|s0 war|s0 nicht|s0 sofort|s0 klar|s0 ,|s0 ob|s0 das|s0 Urteil|s0 auf|s0 Ärzte|s0 aus|s0 den|s0 beiden|s0 Fällen|s0 verhängt|s0 wurde|s0 ,|s0 die|s0 nicht|s0 in|s0 dem|s0 Maße|s0 fest|s1 gefahren|s0 sind|s0 und|s0 auch|s0 Vorrechte|s0 beantragt|s0 haben|s0 .|s0
in|s0 elf|s0 Staaten|s0 ,|s0 die|s0 ähnliche|s0 Gesetze|s0 erlassen|s0 haben|s0 ,|s0 befinden|s0 sich|s0 die|s0 Gerichte|s0 vor|s0 kurzem|s0 über|s0 un|s0 verfassungs|s1 widri|s0 .|s0
Schlüssel|s0 für|s0 ein|s0 Gesetz|s0 ,|s0 das|s0 am|s0 meisten|s0 in|s0 diesem|s0 Staat|s0 abgesch|s1 nitten|s0 worden|s0 wäre|s0 ,|s0 wurden|s0 am|s0 Freitag|s0 von|s0 einem|s0 Bundes|s1 rat|s1 ur|s0 blockiert|s0 .|s0
die|s0 Rechte|s1 schutz|s1 rechte|s0 ,|s0 die|s0 sich|s0 zusammen|s0 mit|s0 dem|s0 amerikanischen|s0 College|s0 @-@|s1 et|s1 ri|s1 schen|s0 und|s0 Gy|s1 nec|s1 k|s0 und|s0 dem|s0 amerikanischen|s0 Regierung|s1 verb|s1 and|s0 nieder|s1 schlagen|s0 ,|s0 sagen|s0 ,|s0 daß|s0 die|s0 Privilegi|s1 en|s1 gesetze|s0 den|s0 Är|s1 zten|s0 medizin|s1 isch|s0 unnötige|s0 Anforderungen|s0 auferlegen|s0 .|s0
bei|s0 der|s0 Abtreibung|s0 geht|s0 es|s0 darum|s0 ,|s0 daß|s0 die|s0 Maßnahmen|s0 zum|s0 Schutz|s0 der|s0 Gesundheit|s0 der|s0 Frauen|s0 dienen|s0 ,|s0 die|s0 jedoch|s0 auch|s0 ihre|s0 Wirkung|s0 zum|s0 Ausdruck|s0 gebracht|s0 haben|s0 .|s0
nur|s0 ein|s0 Arzt|s0 ,|s0 der|s0 in|s0 seinem|s0 Besitz|s1 er|s0 sitzt|s0 ,|s0 hat|s0 seine|s0 Privilegi|s1 en|s0 ,|s0 wie|s0 es|s0 in|s0 der|s0 Re|s1 produ|s1 ktions|s0 steht|s0 .|s0
wenn|s0 alle|s0 anderen|s0 Ärzte|s0 in|s0 diesem|s0 Staat|s0 gezwungen|s0 werden|s0 ,|s0 ihre|s0 Geschäfte|s0 zu|s0 stoppen|s0 ,|s0 dann|s0 würde|s0 der|s0 Arzt|s0 ,|s0 der|s0 für|s0 seine|s0 Sicherheit|s0 ist|s0 ,|s0 damit|s0 aufhören|s0 ,|s0 das|s0 Verfahren|s0 durchzuführen|s0 .|s0
die|s0 Beamten|s0 haben|s0 gesagt|s0 ,|s0 daß|s0 sie|s0 die|s0 Ärzte|s0 nicht|s0 bestrafen|s0 würden|s0 ,|s0 während|s0 ihre|s0 Anträge|s0 auf|s0 Privilegi|s1 en|s0 an|s1 hängi|s1 g|s0 waren|s0 .|s0
eine|s0 verspä|s1 tete|s0 Diagnose|s0 und|s0 Unfähigkeit|s0 ,|s0 die|s0 beste|s0 Behandlung|s0 zugänglich|s0 zu|s0 machen|s0 ,|s0 bedeutet|s0 Öl|s0 im|s0 ländlichen|s0 Raum|s0 mehr|s0 .|s0
Angel|s1 ina|s0 Jo|s1 lie|s0 und|s0 ihr|s0 Service|s0 ,|s0 Herr|s0 Ministerpräsident|s0 ,|s0 haben|s0 ihre|s0 spä|s1 te|s0 Mutter|s0 ,|s0 die|s0 im|s0 Jahre|s0 2007|s0 an|s0 O|s1 vari|s1 an|s0 Krebs|s0 gestorben|s0 ist|s0 ,|s0 in|s0 diesem|s0 Licht|s0 gewürdigt|s0 .|s0
die|s0 Frauen|s0 ,|s0 die|s0 in|s0 ländlichen|s0 Australien|s0 leben|s0 ,|s0 bergen|s0 die|s0 Gefahr|s0 ,|s0 daß|s0 sie|s0 von|s0 o|s1 vari|s1 an|s0 Krebs|s0 sterben|s0 .|s0
die|s0 Forscher|s0 haben|s0 im|s0 Jahr|s0 2005|s0 medizin|s0 medizinische|s0 Auf|s1 zeichnungen|s0 von|s0 Frauen|s1 frau|s1 en|s0 mit|s0 o|s1 vari|s1 an|s0 Krebs|s0 analysiert|s0 .|s0
in|s0 einem|s0 Land|s0 ,|s0 in|s0 Jordanien|s0 ,|s0 in|s0 den|s0 Kat|s1 IM|s1 R|s0 @-@|s0 Büro|s1 for|s1 sch|s1 ungsinstitu|s1 t|s0 ,|s0 haben|s0 die|s0 Menschen|s0 in|s0 den|s0 Regionen|s1 -|s0 und|s0 entle|s1 genen|s0 Gebieten|s0 des|s0 Staates|s0 in|s0 der|s0 Studie|s0 etwa|s0 20|s0 %|s0 häufiger|s0 sterben|s0 als|s0 in|s0 städtischen|s0 Gebieten|s0 .|s0
der|s0 klein|s1 ste|s0 Einsatz|s0 neuer|s0 Arzneimittel|s0 kann|s0 L|s0 @-@|s0 L|s1 un|s1 ge|s1 er|s0 fahren|s0 .|s0
die|s0 Forsch|s0 in|s0 den|s0 Forsch|s0 der|s0 Frauen|s0 finden|s0 in|s0 sieben|s0 Jahren|s0 statt|s0 .|s0
Dr.|s0 Jordanien|s0 sagte|s0 damals|s0 ,|s0 daß|s0 eine|s0 Frau|s0 im|s0 Zeitalter|s0 der|s0 Diagno|s1 sen|s0 ,|s0 der|s0 ön|s1 ischen|s0 Krebs|s1 art|s1 art|s0 ,|s0 der|s0 bereits|s0 bestehenden|s0 Krankheiten|s0 und|s0 des|s0 Status|s0 über|s0 die|s0 Über|s1 lebens|s1 möglichkeit|s0 gesprochen|s0 hat|s0 .|s0
ältere|s0 Frauen|s0 und|s0 Personen|s0 ,|s0 deren|s0 Krebs|s0 zum|s0 Zeitpunkt|s0 der|s0 Diagno|s1 sen|s0 fortgeschrit|s0 wurden|s0 ,|s0 hatten|s0 die|s0 ärmsten|s0 Über|s1 lebens|s1 raten|s0 .|s0
diejenigen|s0 ,|s0 die|s0 in|s0 Regional|s0 und|s0 Rand|s1 regionen|s0 leben|s0 ,|s0 waren|s0 etwa|s0 20|s0 %|s0 höher|s0 als|s0 die|s0 in|s0 städtischen|s0 Gebieten|s0 .|s0
obwohl|s0 die|s0 Studie|s0 nicht|s0 vorgesehen|s0 war|s0 ,|s0 warum|s0 Frauen|s0 ,|s0 die|s0 außerhalb|s0 der|s0 Stadt|s0 leben|s0 ,|s0 eher|s0 an|s0 o|s1 vari|s1 an|s0 Krebs|s0 stir|s0 haben|s0 ,|s0 hatte|s0 Dr.|s0 Jordanien|s0 eine|s0 verspä|s1 tete|s0 Diagnose|s0 vorgeschlagen|s0 ,|s0 und|s0 die|s0 Unfähigkeit|s0 ,|s0 Zugang|s0 zu|s0 optim|s1 aler|s0 Behandlung|s0 zu|s0 erhalten|s0 ,|s0 könnte|s0 Faktoren|s0 sein|s0 .|s0
diese|s0 Krankheit|s0 wird|s0 am|s0 besten|s0 durch|s0 eine|s0 eigene|s0 Ök|s0 behandelt|s0 ,|s0 und|s0 sie|s0 wird|s0 in|s0 erster|s0 Linie|s0 in|s0 Groß|s0 von|s0 Groß|s1 städten|s0 betrieben|s0 ,|s0 wie|s0 sie|s0 gesagt|s0 hat|s0 .|s0
trotz|s0 der|s0 Verbesserung|s0 der|s0 T|s1 el|s1 er|s1 medi|s1 zin|s1 dienste|s0 für|s0 die|s0 Entfernung|s0 der|s0 Fern|s1 ab|s1 satz|s0 hat|s0 sie|s0 sich|s0 verstärkt|s0 im|s1 pf|s1 en|s0 ,|s0 indem|s0 sie|s0 die|s0 Dienste|s0 aus|s0 dem|s1 jenigen|s0 sieht|s0 ,|s0 Frauen|s0 näher|s0 zu|s0 Hause|s0 zu|s0 behandeln|s0 und|s0 die|s0 Menschen|s0 bei|s0 der|s0 Behandlung|s0 von|s0 ihren|s0 Gemeinschaften|s0 zu|s0 unterstützen|s0 .|s0
Dr.|s0 Jordanien|s0 sagte|s0 ,|s0 unabhängig|s0 vom|s0 geographischen|s0 Status|s0 sei|s0 die|s0 Studie|s0 über|s0 das|s0 Überleben|s0 von|s0 Frauen|s0 mit|s0 o|s1 vari|s1 an|s0 Krebs|s0 arm|s0 ,|s0 die|s0 Notwendigkeit|s0 besserer|s0 Behandlungs|s1 -|s0 und|s0 Präventions|s1 strategien|s0 .|s0
die|s0 Forschung|s0 ,|s0 die|s0 von|s0 Rio|s0 T|s1 into|s0 zur|s0 Krebs|s1 bekämpfung|s0 finanziert|s0 wird|s0 ,|s0 wird|s0 heute|s0 in|s0 Australien|s0 veröffentlicht|s0 werden|s0 .|s0
im|s0 März|s0 2012|s0 hieß|s0 es|s0 in|s0 33|s0 Jahren|s0 jungen|s0 Gold|s0 ,|s0 G|s1 um|s0 El|s1 kt|s0 Ne|s1 us|s0 ,|s0 daß|s0 sie|s0 eine|s0 aggressive|s0 Form|s0 von|s0 Tier|s1 krankheiten|s0 sei|s0 .|s0
in|s0 Haus|s1 besit|s1 zer|s0 fallenden|s1 enden|s0 Zentren|s0
durch|s0 den|s0 Rückgang|s0 der|s0 Zahl|s0 der|s0 im|s0 Alter|s0 von|s0 35|s0 unter|s0 35|s0 Jahren|s0 zu|s0 einem|s0 bestimmten|s0 Rückgang|s1 fall|s0 könnte|s0 dazu|s0 führen|s0 ,|s0 daß|s0 die|s0 Jugend|s0 in|s0 einem|s0 Jahr|s0 ,|s0 in|s0 dem|s0 die|s0 jungen|s0 Verbraucher|s0 die|s0 wichtigste|s0 Alters|s1 gruppe|s0 erreichen|s0 ,|s0 nach|s0 der|s0 von|s0 der|s0 Financial|s0 Times|s0 gemel|s0 A|s0 @-@|s0 Studie|s0 die|s0 Kern|s0 der|s0 Alters|s1 gruppe|s0 verlassen|s0 .|s0
der|s0 Bericht|s0 besagt|s0 ,|s0 daß|s0 die|s0 Bürger|s0 durchschnittlich|s0 55|s0 %|s0 der|s0 Summe|s0 ausgeben|s0 ,|s0 die|s0 ihre|s0 Heimat|s0 für|s0 ihren|s0 Betrieb|s0 ausgeben|s0 .|s0
er|s0 hat|s1 te|s0 den|s0 Anstieg|s0 der|s0 Menschen|s0 an|s0 ,|s0 die|s0 in|s0 hoch|s1 städtischen|s1 ierten|s0 Gebieten|s0 leben|s0 ,|s0 und|s0 der|s0 Ort|s0 ,|s0 an|s0 dem|s0 die|s0 Industrie|s0 ,|s0 die|s0 jährlich|s0 schätzungs|s0 ist|s0 ,|s0 auf|s0 5|s0 Mrd.|s0 Pfund|s0 geschätzt|s0 wird|s0 .|s0
mehr|s0 und|s0 mehr|s0 London|s0 ,|s0 wo|s0 die|s0 Heimat|s1 besit|s1 z|s0 in|s0 sechs|s0 Jahren|s0 von|s0 61|s0 %|s0 auf|s0 43|s0 %|s0 gefallen|s0 ist|s0 ,|s0 hat|s0 die|s0 niedrigsten|s0 Ausgaben|s0 Großbritanniens|s0 pro|s0 Haushalt|s0 für|s0 Produkte|s0 .|s0
in|s0 der|s0 Gruppe|s0 &quot;|s0 A|s0 &quot;|s0 und|s0 &quot;|s0 Hor|s0 &quot;|s0 heißt|s0 es|s0 ,|s0 daß|s0 das|s0 Eigentum|s0 oder|s0 der|s0 Mangel|s0 an|s0 Ort|s0 nicht|s0 bedeutet|s0 ,|s0 daß|s0 Menschen|s0 Pflanzen|s0 nicht|s0 wachsen|s0 konnten|s0 .|s0
der|s0 Che|s1 f|s0 Bar|s1 ter|s0 ,|s0 der|s0 Che|s1 f|s1 st|s1 ö|s1 ste|s0 an|s0 den|s0 R|s1 ort|s0 ,|s0 sagte|s0 zum|s0 Beispiel|s0 ,|s0 zum|s0 Beispiel|s0 sei|s0 es|s0 ,|s0 wenn|s0 sie|s0 ihre|s0 Werke|s0 in|s1 ziehen|s0 können|s0 .|s0
in|s0 dem|s0 Bericht|s1 stext|s0 heißt|s0 es|s0 ,|s0 daß|s0 die|s0 Zeit|s0 zwischen|s0 1997|s0 und|s0 2005|s0 im|s0 Hinblick|s0 auf|s0 das|s0 Alter|s0 des|s0 Einzel|s1 handels|s0 und|s0 den|s0 wirtschaftlichen|s0 Wohlstand|s0 des|s0 Einzel|s1 handels|s0 Ende|s0 der|s0 achtz|s1 iger|s0 Jahre|s0 auf|s0 die|s0 90er|s0 Jahre|s0 zugenommen|s0 hat|s0 .|s0
er|s0 hat|s1 te|s0 auch|s0 in|s0 diesem|s0 Jahr|s0 einen|s0 verbesserten|s0 Markt|s0 voraus|s0 ,|s0 da|s0 im|s0 März|s0 und|s0 April|s0 letzten|s0 Jahres|s0 nach|s0 den|s0 Bedingungen|s0 ein|s0 besseres|s0 Wet|s1 ter|s0 stattgefunden|s0 hat|s0 .|s0
in|s0 Pakistan|s0 hat|s0 die|s0 Protest|s1 bewegung|s0 von|s0 politischem|s0 Dach|s0 ,|s0 Im|s1 ran|s0 ,|s0 und|s0 der|s0 Führer|s1 s|s1 führer|s0 ,|s0 der|s0 I|s1 ron|s1 en|s0 der|s0 I|s1 ron|s1 ie|s0 ,|s0 betrieben|s0 .|s0
in|s0 der|s0 Hauptstadt|s0 des|s0 Groß|s1 kapitals|s0 haben|s1 deten|s0 rund|s0 1000|s0 Demonstranten|s0 den|s0 Sender|s0 P|s0 P|s1 TV|s0 .|s0
der|s0 Informations|s1 minister|s0 Per|s1 v|s1 ai|s1 z|s0 Ras|s1 mus|s0 sagte|s0 jedoch|s0 ,|s0 daß|s0 es|s0 Soldaten|s0 gelungen|s0 sei|s0 ,|s0 die|s0 Rück|s1 er|s1 stattung|s0 zu|s0 zwingen|s0 .|s0
das|s0 Fernseh|s1 sender|s1 ger|s0 hat|s1 te|s0 den|s0 Rundfun|s1 k|s0 um|s0 etwa|s0 40|s0 Minuten|s0 ein|s0 ,|s0 aber|s0 sie|s0 hat|s0 damit|s0 wieder|s0 begonnen|s0 .|s0
gleichzeitig|s0 versu|s1 chten|s0 die|s0 Demonstranten|s0 ,|s0 den|s0 Beamten|s0 von|s0 Ministerpräsident|s0 Na|s1 wa|s1 z|s0 Shar|s1 if|s0 zu|s0 erreichen|s0 .|s0
ungefähr|s0 ein|s0 einziges|s0 Mal|s0 ,|s0 das|s0 sind|s0 Sicherheits|s0 ,|s0 die|s1 jenige|s0 mit|s0 Sicherheit|s0 und|s0 Fuß|s0 .|s0
die|s0 Polizei|s0 hat|s0 Gas|s0 eingesetzt|s0 .|s0
die|s0 Demonstranten|s0 forderten|s0 Shar|s1 if|s0 ,|s0 was|s0 er|s0 abgelehnt|s0 hat|s0 .|s0
in|s0 Pakistan|s0 wurde|s0 eine|s0 politische|s0 Lösung|s0 des|s0 Konflikts|s0 ohne|s0 Verzögerung|s0 und|s0 ohne|s0 Gewalt|s0 der|s0 Gewalt|s0 gefordert|s0 .|s0
nach|s0 einem|s0 Gipfel|s0 am|s0 Sonn|s1 tag|s1 abend|s1 abend|s0 hat|s0 das|s0 Militär|s0 ,|s0 das|s0 den|s0 Namen|s0 genannt|s0 hat|s0 ,|s0 der|s0 Schutz|s0 der|s0 Sicherheit|s0 des|s0 Staates|s0 verpflichtet|s0 .|s0
das|s0 Militär|s0 spielt|s0 eine|s0 wichtige|s0 Rolle|s0 in|s0 Pakistan|s0 und|s0 hat|s0 in|s0 der|s0 Vergangenheit|s0 mehrfach|s0 Macht|s0 ausgeübt|s0 .|s0
der|s0 Oppositions|s1 politi|s1 ker|s0 Im|s1 ran|s0 beschuldigt|s0 Premierminister|s0 Shar|s1 if|s0 die|s0 Wahl|s0 der|s0 Parlamentswahlen|s0 im|s0 Mai|s0 letzten|s0 Jahres|s0 .|s0
