238.52250671
245.26730347
239.82205200
232.81472778
238.84121704
253.69161987
255.61422729
242.94416809
244.69099426
235.35519409
