[[8.0574207e+00 1.5418689e-01 4.3262744e+00 ... 4.0905408e+03
  1.1550205e+04 1.3359570e+04]]
