[[-0.00667148  0.00525377  0.0564099  ...  1.5877182   1.6200635
   2.2804906 ]]
