238.40853882
244.59863281
238.15905762
228.80813599
227.96830750
231.00505066
225.24502563
207.64001465
203.54002380
194.72296143
