7245.93505859
7990.90478516
7741.81542969
7778.61621094
7445.38574219
7015.21337891
6661.38769531
6346.22802734
6402.10009766
6369.72216797
